// Bun Snapshot v1, https://bun.sh/docs/test/snapshots

exports[`pnpm-lock.yaml migration simple pnpm lockfile migration produces correct bun.lock: simple-pnpm-migration 1`] = `
"{
  "lockfileVersion": 1,
  "workspaces": {
    "": {
      "name": "simple-pnpm-test",
      "dependencies": {
        "is-number": "^7.0.0",
        "left-pad": "^1.3.0",
      },
    },
  },
  "packages": {
    "is-number": ["is-number@7.0.0", "", {}, "sha512-41Cifkg6e8TylSpdtTpeLVMqvSBEVzTttHvERD741+pnZ8ANv0004MRL43QKPDlK9cGvNp6NZWZUBlbGXYxxng=="],

    "left-pad": ["left-pad@1.3.0", "", {}, "sha512-XI5MPzVNApjAyhQzphX8BkmKsKUxD4LdyK24iZeQGinBN9yTQT3bFlCBy/aVx2HrNcqQGsdot8ghrjyrvMCoEA=="],
  }
}
"
`;

exports[`pnpm-lock.yaml migration pnpm workspace lockfile migration: workspace-pnpm-migration 1`] = `
"{
  "lockfileVersion": 1,
  "workspaces": {
    "": {
      "name": "monorepo-root",
    },
    "apps/web": {
      "name": "@repo/web",
      "dependencies": {
        "@repo/ui": "workspace:*",
        "@repo/utils": "workspace:*",
        "next": "^14.0.0",
      },
    },
    "packages/ui": {
      "name": "@repo/ui",
      "dependencies": {
        "react": "^18.2.0",
      },
    },
    "packages/utils": {
      "name": "@repo/utils",
      "dependencies": {
        "lodash": "^4.17.21",
      },
    },
  },
  "packages": {
    "@repo/ui": ["@repo/ui@workspace:packages/ui"],

    "@repo/utils": ["@repo/utils@workspace:packages/utils"],

    "@repo/web": ["@repo/web@workspace:apps/web"],

    "js-tokens": ["js-tokens@4.0.0", "", {}, "sha512-RdJUflcE3cUzKiMqQgsCu06FPu9UdIJO0beYbPhHN4k6apgJtifcoCtT9bcxOpYBtpD2kCM6Sbzg4CausW/PKQ=="],

    "lodash": ["lodash@4.17.21", "", {}, "sha512-v2kDEe57lecTulaDIuNTPy3Ry4gLGJ6Z1O3vE1krgXZNrsQ+LFTGHVxVjcXPs17LhbZVGedAJv8XZ1tvj5FvSg=="],

    "loose-envify": ["loose-envify@1.4.0", "", { "dependencies": { "js-tokens": "4.0.0" }, "bin": { "loose-envify": "cli.js" } }, ""],

    "next": ["next@14.0.4", "", { "dependencies": { "react": "18.2.0" }, "bin": { "next": "dist/bin/next" } }, "sha512-qbwypnM7327SadwFtxXnQdGiKpkuhaRLE2uq62/nRul9cj9KhQ5LhHmlziTNqUidZotw/Q1I9OjirBROdUJNgA=="],

    "react": ["react@18.2.0", "", { "dependencies": { "loose-envify": "1.4.0" } }, "sha512-/3IjMdb2L9QbBdWiW5e3P2/npwMBaU9mHCSCUzNln0ZCYbcfTsGbTJrU/kGemdH2IWmB2ioZ+zkxtmq6g09fGQ=="],
  }
}
"
`;

exports[`pnpm-lock.yaml migration pnpm workspace lockfile migration: workspace-pnpm-migration-package-json 1`] = `
{
  "name": "monorepo-root",
  "private": true,
  "version": "1.0.0",
  "workspaces": [
    "packages/*",
    "apps/*",
  ],
}
`;

exports[`pnpm-lock.yaml migration pnpm with npm protocol aliases: npm-aliases-pnpm-migration 1`] = `
"{
  "lockfileVersion": 1,
  "workspaces": {
    "": {
      "name": "alias-test",
      "dependencies": {
        "my-lodash": "npm:lodash@latest",
        "my-react": "npm:react@^17.0.0",
      },
    },
  },
  "packages": {
    "js-tokens": ["js-tokens@4.0.0", "", {}, "sha512-RdJUflcE3cUzKiMqQgsCu06FPu9UdIJO0beYbPhHN4k6apgJtifcoCtT9bcxOpYBtpD2kCM6Sbzg4CausW/PKQ=="],

    "loose-envify": ["loose-envify@1.4.0", "", { "dependencies": { "js-tokens": "4.0.0" }, "bin": { "loose-envify": "cli.js" } }, "sha512-lyuxPGr/Wfhrlem2CL/tNVBQAZ8HW+WqwP25nGsjKeMZk13HGBF7YbJSi1KyeKwGAteWUa/ZKPUKAZNiIrUqZg=="],

    "my-lodash": ["lodash@4.17.21", "", {}, "sha512-v2kDEe57lecTulaDIuNTPy3Ry4gLGJ6Z1O3vE1krgXZNrsQ+LFTGHVxVjcXPs17LhbZVGedAJv8XZ1tvj5FvSg=="],

    "my-react": ["react@17.0.2", "", { "dependencies": { "loose-envify": "1.4.0", "object-assign": "4.1.1" } }, "sha512-gnhPt75i/dq/z3/6q/0asP78D0u592D5L1pd7M8P+dck6Fu/jJeL6iVVK23fptSUZj8Vjf++7wXA8UNclGQcbA=="],

    "object-assign": ["object-assign@4.1.1", "", {}, "sha512-rJgTQnkUnkjVqfO3E+1Q45hXf64UF+6eWwJJCTNJN7q7vfVQqPJZsB/1/vb9TuT9e2vYfqvnMqGCDJ5x6+WUJA=="],
  }
}
"
`;
