// Bun Snapshot v1, https://bun.sh/docs/test/snapshots

exports[`Bun.YAML parse issue 22286 2`] = `
{
  "A Hat in Time": {
    "ActPlando": {
      "Dead Bird Studio Basement": "The Big Parade",
    },
    "ActRandomizer": "insanity",
    "BabyTrapWeight": 0,
    "BadgeSellerMaxItems": 8,
    "BadgeSellerMinItems": 5,
    "BaseballBat": true,
    "CTRLogic": {
      "nothing": 0,
      "scooter": 1,
      "sprint": 0,
      "time_stop_only": 0,
    },
    "ChapterCostIncrement": 5,
    "ChapterCostMinDifference": 5,
    "CompassBadgeMode": "closest",
    "DWAutoCompleteBonuses": true,
    "DWEnableBonus": false,
    "DWExcludeAnnoyingBonuses": true,
    "DWExcludeAnnoyingContracts": true,
    "DWExcludeCandles": true,
    "DWShuffle": false,
    "DWShuffleCountMax": 25,
    "DWShuffleCountMin": 18,
    "DWTimePieceRequirement": 15,
    "DeathWishOnly": false,
    "EnableDLC1": false,
    "EnableDLC2": true,
    "EnableDeathWish": false,
    "EndGoal": {
      "finale": 1,
      "rush_hour": 0,
      "seal_the_deal": 0,
    },
    "ExcludeTour": false,
    "FinalChapterMaxCost": 35,
    "FinalChapterMinCost": 30,
    "FinaleShuffle": false,
    "HatItems": true,
    "HighestChapterCost": 25,
    "LaserTrapWeight": 0,
    "LogicDifficulty": "moderate",
    "LowestChapterCost": 5,
    "MaxExtraTimePieces": "random-range-high-5-8",
    "MaxPonCost": 80,
    "MetroMaxPonCost": 50,
    "MetroMinPonCost": 10,
    "MinExtraYarn": "random-range-middle-5-15",
    "MinPonCost": 20,
    "NoPaintingSkips": true,
    "NoTicketSkips": "rush_hour",
    "NyakuzaThugMaxShopItems": 4,
    "NyakuzaThugMinShopItems": 1,
    "ParadeTrapWeight": 0,
    "RandomizeHatOrder": "time_stop_last",
    "ShipShapeCustomTaskGoal": 0,
    "ShuffleActContracts": true,
    "ShuffleAlpineZiplines": true,
    "ShuffleStorybookPages": true,
    "ShuffleSubconPaintings": true,
    "StartWithCompassBadge": true,
    "StartingChapter": {
      "1": 1,
      "2": 1,
      "3": 1,
    },
    "Tasksanity": false,
    "TasksanityCheckCount": 18,
    "TasksanityTaskStep": 1,
    "TimePieceBalancePercent": "random-range-low-20-35",
    "TrapChance": 0,
    "UmbrellaLogic": true,
    "YarnAvailable": "random-range-middle-40-50",
    "YarnBalancePercent": 25,
    "YarnCostMax": 8,
    "YarnCostMin": 5,
    "accessibility": {
      "full": 1,
      "minimal": 0,
    },
    "death_link": false,
    "exclude_locations": [
      "Queen Vanessa's Manor - Bedroom Chest",
      "Queen Vanessa's Manor - Hall Chest",
      "Act Completion (The Big Parade)",
    ],
    "non_local_items": [
      "Hookshot Badge",
      "Umbrella",
      "Dweller Mask",
    ],
    "priority_locations": [
      "Act Completion (Award Ceremony)",
      "Badge Seller - Item 1",
      "Badge Seller - Item 2",
      "Mafia Boss Shop Item",
      "Bluefin Tunnel Thug - Item 1",
      "Green Clean Station Thug A - Item 1",
      "Green Clean Station Thug B - Item 1",
      "Main Station Thug A - Item 1",
      "Main Station Thug B - Item 1",
      "Main Station Thug C - Item 1",
      "Pink Paw Station Thug - Item 1",
      "Yellow Overpass Thug A - Item 1",
      "Yellow Overpass Thug B - Item 1",
      "Yellow Overpass Thug C - Item 1",
    ],
    "progression_balancing": "random-range-middle-40-50",
    "start_inventory_from_pool": {
      "Sprint Hat": 1,
    },
  },
  "game": "A Hat in Time",
  "name": "niyrme-AHiT{NUMBER}",
  "requires": {
    "version": "0.6.2",
  },
  "x-options-async": {
    "A Hat in Time": {
      "+non_local_items": [
        "Brewing Hat",
        "Ice Hat",
      ],
      "ChapterCostIncrement": 7,
      "ChapterCostMinDifference": 7,
      "EndGoal": {
        "finale": 9,
        "rush_hour": 1,
        "seal_the_deal": 0,
      },
      "FinalChapterMaxCost": 50,
      "FinalChapterMinCost": 40,
      "HighestChapterCost": 40,
      "LowestChapterCost": 10,
      "NoPaintingSkips": false,
      "death_link": false,
      "priority_locations": [],
      "progression_balancing": "random-range-low-10-30",
    },
  },
  "x-options-sync": {
    "A Hat in Time": {
      "+start_inventory_from_pool": {
        "Badge Pin": 1,
      },
      "+triggers": [
        {
          "option_category": "A Hat in Time",
          "option_name": "EndGoal",
          "option_result": "finale",
          "options": {
            "A Hat in Time": {
              "EnableDLC2": false,
              "FinalChapterMaxCost": 35,
              "FinalChapterMinCost": 25,
              "MaxPonCost": 100,
              "MinPonCost": 30,
            },
          },
        },
      ],
    },
  },
}
`;
