// Bun Snapshot v1, https://goo.gl/fbAQLP

exports[`reportError 1`] = `
"1 | reportError(new Error("reportError Test!"));
                ^
error: reportError Test!
      at /reportError.ts:1:13
error: true
error: false
error: null
error: 123
error: Infinity
error: NaN
error
error
error
error
error
error: string
error
error
error
error
"
`;
