// Bun Snapshot v1, https://bun.sh/docs/test/snapshots
