// Bun Snapshot v1, https://goo.gl/fbAQLP

exports[`expect() toMatchSnapshot to return undefined 1`] = `"abc"`;
