// Bun Snapshot v1, https://goo.gl/fbAQLP

exports[`lcov coverage reporter 1`] = `
"TN:
SF:demo1.ts
FNF:1
FNH:0
DA:2,19
DA:3,16
DA:4,1
LF:5
LH:3
end_of_record
TN:
SF:demo2.ts
FNF:2
FNH:1
DA:2,26
DA:4,10
DA:6,10
DA:11,1
DA:14,9
LF:15
LH:5
end_of_record
"
`;
