// Bun Snapshot v1, https://goo.gl/fbAQLP

exports[`duplicate dependency in optionalDependencies maintains sort order 1`] = `
"# THIS IS AN AUTOGENERATED FILE. DO NOT EDIT THIS FILE DIRECTLY.
# yarn lockfile v1
# bun ./bun.lockb --hash: A1A17280329F8383-20d6659d9c0623de-94508CB3B7915517-4b22a59b37f2f4f6


"@types/is-number@>=1.0.0":
  version "2.0.0"
  resolved "http://localhost:4873/@types/is-number/-/is-number-2.0.0.tgz"
  integrity sha512-GEeIxCB+NpM1NrDBqmkYPeU8bI//i+xPzdOY4E1YHet51IcFmz4js6k57m69fLl/cbn7sOR7wj9RNNw53X8AiA==

a-dep@1.0.1:
  version "1.0.1"
  resolved "http://localhost:4873/a-dep/-/a-dep-1.0.1.tgz"
  integrity sha512-6nmTaPgO2U/uOODqOhbjbnaB4xHuZ+UB7AjKUA3g2dT4WRWeNxgp0dC8Db4swXSnO5/uLLUdFmUJKINNBO/3wg==

duplicate-optional@1.0.1:
  version "1.0.1"
  resolved "http://localhost:4873/duplicate-optional/-/duplicate-optional-1.0.1.tgz"
  integrity sha512-tL28+yJiTPehPLq7QnOu9jbRBpRgfBkyTVveaJojKcyae2khKuLaPRvsiX5gXv+iNGpYiYcNnV1eDBLXS+L85A==
  dependencies:
    a-dep "1.0.1"
    what-bin "1.0.0"
  optionalDependencies:
    no-deps "1.0.1"

no-deps@1.0.1, no-deps@^1.0.0:
  version "1.0.1"
  resolved "http://localhost:4873/no-deps/-/no-deps-1.0.1.tgz"
  integrity sha512-3X6cn4+UJdXJuLPu11v8i/fGLe2PdI6v1yKTELam04lY5esCAFdG/qQts6N6rLrL6g1YRq+MKBAwxbmUQk355A==

two-range-deps@1.0.0:
  version "1.0.0"
  resolved "http://localhost:4873/two-range-deps/-/two-range-deps-1.0.0.tgz"
  integrity sha512-N+6kPy/GxuMncNz/EKuIrwdoYbh1qmvHDnw1UbM3sQE184kBn+6qAQgtf1wgT9dJnt6X+tWcTzSmfDvtJikVBA==
  dependencies:
    no-deps "^1.0.0"
    "@types/is-number" ">=1.0.0"

what-bin@1.0.0:
  version "1.0.0"
  resolved "http://localhost:4873/what-bin/-/what-bin-1.0.0.tgz"
  integrity sha512-sa99On1k5aDqCvpni/TQ6rLzYprUWBlb8fNwWOzbjDlM24fRr7FKDOuaBO/Y9WEIcZuzoPkCW5EkBCpflj8REQ==
"
`;
