// Bun Snapshot v1, https://bun.sh/docs/test/snapshots

exports[`test1 1`] = `25`;
