// Bun Snapshot v1, https://goo.gl/fbAQLP

exports[`macros should not lead to seg faults under any given input 1`] = `
"2 | fn(\`©${''}\`);
    ^
error: "Cannot convert argument type to JS" error in macro
    at [dir]/index.ts:2:1"
`;

exports[`macros should not lead to seg faults under any given input 1`] = `
"2 | fn(\`©${''}\`);
    ^
error: "Cannot convert argument type to JS" error in macro
    at [dir]/index.ts:2:1"
`;

exports[`macros should not lead to seg faults under any given input 1`] = `
"2 | fn(\`©${''}\`);
    ^
error: "Cannot convert argument type to JS" error in macro
    at [dir]/index.ts:2:1"
`;

exports[`macros should not lead to seg faults under any given input 1`] = `
"2 | fn(\`©${''}\`);
    ^
error: "Cannot convert argument type to JS" error in macro
    at [dir]/index.ts:2:1"
`;
